<html>
<body>
<pre>
<h1>µVision Build Log</h1>
<h2>Project:</h2>
C:\Users\User\Documents\ucos-ii\ucos-ii\ucos-ii.uvproj
Project File Date:  10/09/2014

<h2>Output:</h2>
Build target 'Target 1'
compiling tetris.c...
..\..\tetris_samplesolution\tetris\tetris.c(252): warning:  #167-D: argument of type "char *" is incompatible with parameter of type "unsigned char *"
        GLCD_DisplayString(29, 15, 0, gameover);
..\..\tetris_samplesolution\tetris\tetris.c(254): warning:  #167-D: argument of type "char *" is incompatible with parameter of type "unsigned char *"
        GLCD_DisplayString(32, 10, 0, finalpoint);
..\..\tetris_samplesolution\tetris\tetris.c(257): warning:  #111-D: statement is unreachable
  return 0;
..\..\tetris_samplesolution\tetris\tetris.c(404): warning:  #167-D: argument of type "char *" is incompatible with parameter of type "unsigned char *"
        GLCD_DisplayString(30, 27, 0, point);
..\..\tetris_samplesolution\tetris\tetris.c(362): warning:  #177-D: variable "info1" was declared but never referenced
        char info1[128], info2[128];
..\..\tetris_samplesolution\tetris\tetris.c(362): warning:  #177-D: variable "info2" was declared but never referenced
        char info1[128], info2[128];
..\..\tetris_samplesolution\tetris\tetris.c: 6 warnings, 0 errors
linking...
Program Size: Code=23054 RO-data=7358 RW-data=668 ZI-data=13284  
".\ucos-ii.axf" - 0 Error(s), 6 Warning(s).
Load "C:\\Users\\User\\Documents\\ucos-ii\\ucos-ii\\ucos-ii.axf" 
Erase Done.
Programming Done.
Verify OK.
</pre>
</body>
</html>
is_samplesolution\tetris\tetris.c(404): warning:  #167-D: argument of type "char *" is incompatible with parameter of type "unsigned char *"
        GLCD_DisplayString(30, 27, 0, point);
..\..\tetris_samplesolution\tetris\tetris.c(362): warning:  #177-D: variable "info1" was declared but never referenced
        char info1[128], info2[128];
..\..\tetris_samplesolution\tetris\tetris.c(362): warning:  #177-D: variable "info2" was declared but never referenced
        char info1[128], info2[128];
..\..\tetris_samplesolution\tetris\tetris.c: 5 warnings, 0 errors
linking...
Program Size: Code=23066 RO-data=7358 RW-data=668 ZI-data=13284  
".\ucos-ii.axf" - 0 Error(s), 10 Warning(s).
Load "C:\\Users\\User\\Documents\\ucos-ii\\ucos-ii\\ucos-ii.axf" 
Erase Done.
Programming Done.
Verify OK.
#177-D: variable "info1" was declared but never referenced
        char info1[128], info2[128];
..\..\tetris_samplesolution\tetris\tetris.c(362): warning:  #177-D: variable "info2" was declared but never referenced
        char info1[128], info2[128];
..\..\tetris_samplesolution\tetris\tetris.c: 5 warnings, 0 errors
linking...
Program Size: Code=23050 RO-data=7358 RW-data=668 ZI-data=13284  
".\ucos-ii.axf" - 0 Error(s), 15 Warning(s).
Load "C:\\Users\\User\\Documents\\ucos-ii\\ucos-ii\\ucos-ii.axf" 
Erase Done.
Programming Done.
Verify OK.
