<html>
<body>
<pre>
<h1>µVision Build Log</h1>
<h2>Project:</h2>
C:\Users\CSE_125-2\Documents\homework\homework\homework\homework.uvproj
Project File Date:  11/28/2018

<h2>Output:</h2>
Build target 'Target 1'
compiling pong.c...
pong.c(49): warning:  #1295-D: Deprecated declaration kbdhit - give arg types
  int kbdhit();
pong.c(76): warning:  #111-D: statement is unreachable
   joy_up_count = 0;
pong.c(91): warning:  #111-D: statement is unreachable
   joy_down_count = 0;
pong.c(317): warning:  #223-D: function "sprintf" declared implicitly
        sprintf(buf,"Score: %d",inpt_paddle->score);
pong.c(318): warning:  #167-D: argument of type "char *" is incompatible with parameter of type "unsigned char *"
        GLCD_DisplayString(0,wall->x/2-7,0,buf);
pong.c(346): warning:  #223-D: function "sprintf" declared implicitly
        sprintf(buf,"GAME OVER  Final Score: %d", usr_paddle->score);
pong.c(347): warning:  #167-D: argument of type "char *" is incompatible with parameter of type "unsigned char *"
        GLCD_DisplayString(15,26,0,buf);
pong.c: 7 warnings, 0 errors
linking...
Program Size: Code=7136 RO-data=6984 RW-data=52 ZI-data=1636  
".\homework.axf" - 0 Error(s), 7 Warning(s).
Load "C:\\Users\\CSE_125-2\\Documents\\homework\\homework\\homework\\homework.axf" 
Erase Done.
Programming Done.
Verify OK.

...
Program Size: Code=6668 RO-data=6984 RW-data=44 ZI-data=1636  
".\homework.axf" - 0 Error(s), 10 Warning(s).
Load "C:\\Users\\CSE_125-2\\Documents\\homework\\homework\\homework\\homework.axf" 
Erase Done.
Programming Done.
Verify OK.
